// Jest Snapshot v1, https://goo.gl/fbAQLP

exports[`Prueba sobre GifGridItem.js Debe mostrar el componente correctamente 1`] = `
<div
  className="card"
>
  <img />
  <p />
</div>
`;
